-- TEST BEGIN
branch after multiple ops:
  VI01: 0003
  VI02: 0007
branch without delay:
  VI01: 0010
  VI02: 0011
  VI03: 0011
branch with delay:
  VI01: 0010
  VI02: 0010
  VI03: 0020
branch with integer op in delay slot:
  VI01: 00fb
  VI02: 0100
FMAND pipeline:
  Instruction result: 0002
  Branch used result: 0001
IADDIU pipeline:
  Instruction result: 00ff
  Branch used result: 0000
ILW pipeline:
  Instruction result: 0010
  Branch used result: 0001
ILWR pipeline:
  Instruction result: 00f0
  Branch used result: 0001
ISUBIU pipeline:
  Instruction result: ff01
  Branch used result: 0000
LQI pipeline:
  Instruction result: 0001
  Branch used result: 0000
LQD pipeline:
  Instruction result: ffff
  Branch used result: 0000
MTIR pipeline:
  Instruction result: 0023
  Branch used result: 0000
SQI pipeline:
  Instruction result: 0001
  Branch used result: 0000
SQD pipeline:
  Instruction result: ffff
  Branch used result: 0000
-- TEST END
